warning: function `to_traversal_results` is never used
    --> src/bfs.rs:1792:8
     |
1792 | pub fn to_traversal_results(
     |        ^^^^^^^^^^^^^^^^^^^^
     |
     = note: `#[warn(dead_code)]` (part of `#[warn(unused)]`) on by default

warning: method `finish` is never used
   --> src/path_finder.rs:196:19
    |
128 | impl ResumableSingleDirectionBfs {
    | -------------------------------- method in this implementation
...
196 |     pub(crate) fn finish(
    |                   ^^^^^^

warning: method `finish` is never used
   --> src/path_finder.rs:312:19
    |
254 | impl ResumableBidirectionalBfs {
    | ------------------------------ method in this implementation
...
312 |     pub(crate) fn finish(
    |                   ^^^^^^

warning: method `finish` is never used
    --> src/path_finder.rs:1457:19
     |
1397 | impl ResumableDijkstra {
     | ---------------------- method in this implementation
...
1457 |     pub(crate) fn finish(
     |                   ^^^^^^

warning: `graph` (lib) generated 4 warnings
    Finished `bench` profile [optimized] target(s) in 0.40s
     Running benches/open_type_query_bench.rs (target/release/deps/open_type_query_bench-ead40ae6ae4ef214)
Benchmarking open_type_registry_lookup/query_surface=registry_lookup/label_count=254/request=first/encoding=adapt...
Benchmarking open_type_registry_lookup/query_surface=registry_lookup/label_count=254/request=first/encoding=adapt...: Warming up for 3.0000 s
Benchmarking open_type_registry_lookup/query_surface=registry_lookup/label_count=254/request=first/encoding=adapt...: Collecting 30 samples in estimated 5.0000 s (618M iterations)
Benchmarking open_type_registry_lookup/query_surface=registry_lookup/label_count=254/request=first/encoding=adapt...: Analyzing
open_type_registry_lookup/query_surface=registry_lookup/label_count=254/request=first/encoding=adapt...
                        time:   [8.0495 ns 8.0860 ns 8.1210 ns]
Benchmarking open_type_registry_lookup/query_surface=registry_lookup/label_count=254/request=last/encoding=adapti...
Benchmarking open_type_registry_lookup/query_surface=registry_lookup/label_count=254/request=last/encoding=adapti...: Warming up for 3.0000 s
Benchmarking open_type_registry_lookup/query_surface=registry_lookup/label_count=254/request=last/encoding=adapti...: Collecting 30 samples in estimated 5.0000 s (601M iterations)
Benchmarking open_type_registry_lookup/query_surface=registry_lookup/label_count=254/request=last/encoding=adapti...: Analyzing
open_type_registry_lookup/query_surface=registry_lookup/label_count=254/request=last/encoding=adapti...
                        time:   [8.2440 ns 8.2723 ns 8.3062 ns]
Benchmarking open_type_registry_lookup/query_surface=registry_lookup/label_count=254/request=missing/encoding=ada...
Benchmarking open_type_registry_lookup/query_surface=registry_lookup/label_count=254/request=missing/encoding=ada...: Warming up for 3.0000 s
Benchmarking open_type_registry_lookup/query_surface=registry_lookup/label_count=254/request=missing/encoding=ada...: Collecting 30 samples in estimated 5.0000 s (555M iterations)
Benchmarking open_type_registry_lookup/query_surface=registry_lookup/label_count=254/request=missing/encoding=ada...: Analyzing
open_type_registry_lookup/query_surface=registry_lookup/label_count=254/request=missing/encoding=ada...
                        time:   [8.9605 ns 8.9916 ns 9.0228 ns]
Found 2 outliers among 30 measurements (6.67%)
  2 (6.67%) high mild
Benchmarking open_type_registry_lookup/query_surface=registry_lookup/label_count=255/request=first/encoding=adapt...
Benchmarking open_type_registry_lookup/query_surface=registry_lookup/label_count=255/request=first/encoding=adapt...: Warming up for 3.0000 s
Benchmarking open_type_registry_lookup/query_surface=registry_lookup/label_count=255/request=first/encoding=adapt...: Collecting 30 samples in estimated 5.0000 s (619M iterations)
Benchmarking open_type_registry_lookup/query_surface=registry_lookup/label_count=255/request=first/encoding=adapt...: Analyzing
open_type_registry_lookup/query_surface=registry_lookup/label_count=255/request=first/encoding=adapt...
                        time:   [8.0914 ns 8.1234 ns 8.1533 ns]
Found 1 outliers among 30 measurements (3.33%)
  1 (3.33%) high mild
Benchmarking open_type_registry_lookup/query_surface=registry_lookup/label_count=255/request=last/encoding=adapti...
Benchmarking open_type_registry_lookup/query_surface=registry_lookup/label_count=255/request=last/encoding=adapti...: Warming up for 3.0000 s
Benchmarking open_type_registry_lookup/query_surface=registry_lookup/label_count=255/request=last/encoding=adapti...: Collecting 30 samples in estimated 5.0000 s (596M iterations)
Benchmarking open_type_registry_lookup/query_surface=registry_lookup/label_count=255/request=last/encoding=adapti...: Analyzing
open_type_registry_lookup/query_surface=registry_lookup/label_count=255/request=last/encoding=adapti...
                        time:   [8.2909 ns 8.3255 ns 8.3645 ns]
Benchmarking open_type_registry_lookup/query_surface=registry_lookup/label_count=255/request=missing/encoding=ada...
Benchmarking open_type_registry_lookup/query_surface=registry_lookup/label_count=255/request=missing/encoding=ada...: Warming up for 3.0000 s
Benchmarking open_type_registry_lookup/query_surface=registry_lookup/label_count=255/request=missing/encoding=ada...: Collecting 30 samples in estimated 5.0000 s (561M iterations)
Benchmarking open_type_registry_lookup/query_surface=registry_lookup/label_count=255/request=missing/encoding=ada...: Analyzing
open_type_registry_lookup/query_surface=registry_lookup/label_count=255/request=missing/encoding=ada...
                        time:   [8.9051 ns 8.9387 ns 8.9803 ns]
Found 1 outliers among 30 measurements (3.33%)
  1 (3.33%) high severe
Benchmarking open_type_registry_lookup/query_surface=registry_lookup/label_count=65534/request=first/encoding=ada...
Benchmarking open_type_registry_lookup/query_surface=registry_lookup/label_count=65534/request=first/encoding=ada...: Warming up for 3.0000 s
Benchmarking open_type_registry_lookup/query_surface=registry_lookup/label_count=65534/request=first/encoding=ada...: Collecting 30 samples in estimated 5.0000 s (617M iterations)
Benchmarking open_type_registry_lookup/query_surface=registry_lookup/label_count=65534/request=first/encoding=ada...: Analyzing
open_type_registry_lookup/query_surface=registry_lookup/label_count=65534/request=first/encoding=ada...
                        time:   [8.2070 ns 8.2279 ns 8.2534 ns]
Found 4 outliers among 30 measurements (13.33%)
  2 (6.67%) low mild
  1 (3.33%) high mild
  1 (3.33%) high severe
Benchmarking open_type_registry_lookup/query_surface=registry_lookup/label_count=65534/request=last/encoding=adap...
Benchmarking open_type_registry_lookup/query_surface=registry_lookup/label_count=65534/request=last/encoding=adap...: Warming up for 3.0000 s
Benchmarking open_type_registry_lookup/query_surface=registry_lookup/label_count=65534/request=last/encoding=adap...: Collecting 30 samples in estimated 5.0000 s (533M iterations)
Benchmarking open_type_registry_lookup/query_surface=registry_lookup/label_count=65534/request=last/encoding=adap...: Analyzing
open_type_registry_lookup/query_surface=registry_lookup/label_count=65534/request=last/encoding=adap...
                        time:   [9.3205 ns 9.3443 ns 9.3715 ns]
Found 2 outliers among 30 measurements (6.67%)
  1 (3.33%) high mild
  1 (3.33%) high severe
Benchmarking open_type_registry_lookup/query_surface=registry_lookup/label_count=65534/request=missing/encoding=a...
Benchmarking open_type_registry_lookup/query_surface=registry_lookup/label_count=65534/request=missing/encoding=a...: Warming up for 3.0000 s
Benchmarking open_type_registry_lookup/query_surface=registry_lookup/label_count=65534/request=missing/encoding=a...: Collecting 30 samples in estimated 5.0000 s (556M iterations)
Benchmarking open_type_registry_lookup/query_surface=registry_lookup/label_count=65534/request=missing/encoding=a...: Analyzing
open_type_registry_lookup/query_surface=registry_lookup/label_count=65534/request=missing/encoding=a...
                        time:   [9.1192 ns 9.1704 ns 9.2253 ns]
Found 1 outliers among 30 measurements (3.33%)
  1 (3.33%) high mild
Benchmarking open_type_registry_lookup/query_surface=registry_lookup/label_count=65535/request=first/encoding=ada...
Benchmarking open_type_registry_lookup/query_surface=registry_lookup/label_count=65535/request=first/encoding=ada...: Warming up for 3.0000 s
Benchmarking open_type_registry_lookup/query_surface=registry_lookup/label_count=65535/request=first/encoding=ada...: Collecting 30 samples in estimated 5.0000 s (599M iterations)
Benchmarking open_type_registry_lookup/query_surface=registry_lookup/label_count=65535/request=first/encoding=ada...: Analyzing
open_type_registry_lookup/query_surface=registry_lookup/label_count=65535/request=first/encoding=ada...
                        time:   [8.3761 ns 8.5554 ns 8.8349 ns]
Found 4 outliers among 30 measurements (13.33%)
  4 (13.33%) high severe
Benchmarking open_type_registry_lookup/query_surface=registry_lookup/label_count=65535/request=last/encoding=adap...
Benchmarking open_type_registry_lookup/query_surface=registry_lookup/label_count=65535/request=last/encoding=adap...: Warming up for 3.0000 s
Benchmarking open_type_registry_lookup/query_surface=registry_lookup/label_count=65535/request=last/encoding=adap...: Collecting 30 samples in estimated 5.0000 s (521M iterations)
Benchmarking open_type_registry_lookup/query_surface=registry_lookup/label_count=65535/request=last/encoding=adap...: Analyzing
open_type_registry_lookup/query_surface=registry_lookup/label_count=65535/request=last/encoding=adap...
                        time:   [9.4867 ns 9.5165 ns 9.5476 ns]
Found 1 outliers among 30 measurements (3.33%)
  1 (3.33%) high mild
Benchmarking open_type_registry_lookup/query_surface=registry_lookup/label_count=65535/request=missing/encoding=a...
Benchmarking open_type_registry_lookup/query_surface=registry_lookup/label_count=65535/request=missing/encoding=a...: Warming up for 3.0000 s
Benchmarking open_type_registry_lookup/query_surface=registry_lookup/label_count=65535/request=missing/encoding=a...: Collecting 30 samples in estimated 5.0000 s (555M iterations)
Benchmarking open_type_registry_lookup/query_surface=registry_lookup/label_count=65535/request=missing/encoding=a...: Analyzing
open_type_registry_lookup/query_surface=registry_lookup/label_count=65535/request=missing/encoding=a...
                        time:   [9.0133 ns 9.0495 ns 9.0887 ns]
Found 1 outliers among 30 measurements (3.33%)
  1 (3.33%) high severe
Benchmarking open_type_registry_lookup/query_surface=registry_lookup/label_count=65536/request=first/encoding=ada...
Benchmarking open_type_registry_lookup/query_surface=registry_lookup/label_count=65536/request=first/encoding=ada...: Warming up for 3.0000 s
Benchmarking open_type_registry_lookup/query_surface=registry_lookup/label_count=65536/request=first/encoding=ada...: Collecting 30 samples in estimated 5.0000 s (608M iterations)
Benchmarking open_type_registry_lookup/query_surface=registry_lookup/label_count=65536/request=first/encoding=ada...: Analyzing
open_type_registry_lookup/query_surface=registry_lookup/label_count=65536/request=first/encoding=ada...
                        time:   [8.2058 ns 8.2363 ns 8.2635 ns]
Found 1 outliers among 30 measurements (3.33%)
  1 (3.33%) low mild
Benchmarking open_type_registry_lookup/query_surface=registry_lookup/label_count=65536/request=last/encoding=adap...
Benchmarking open_type_registry_lookup/query_surface=registry_lookup/label_count=65536/request=last/encoding=adap...: Warming up for 3.0000 s
Benchmarking open_type_registry_lookup/query_surface=registry_lookup/label_count=65536/request=last/encoding=adap...: Collecting 30 samples in estimated 5.0000 s (526M iterations)
Benchmarking open_type_registry_lookup/query_surface=registry_lookup/label_count=65536/request=last/encoding=adap...: Analyzing
open_type_registry_lookup/query_surface=registry_lookup/label_count=65536/request=last/encoding=adap...
                        time:   [9.4056 ns 9.4243 ns 9.4440 ns]
Found 1 outliers among 30 measurements (3.33%)
  1 (3.33%) low mild
Benchmarking open_type_registry_lookup/query_surface=registry_lookup/label_count=65536/request=missing/encoding=a...
Benchmarking open_type_registry_lookup/query_surface=registry_lookup/label_count=65536/request=missing/encoding=a...: Warming up for 3.0000 s
Benchmarking open_type_registry_lookup/query_surface=registry_lookup/label_count=65536/request=missing/encoding=a...: Collecting 30 samples in estimated 5.0000 s (546M iterations)
Benchmarking open_type_registry_lookup/query_surface=registry_lookup/label_count=65536/request=missing/encoding=a...: Analyzing
open_type_registry_lookup/query_surface=registry_lookup/label_count=65536/request=missing/encoding=a...
                        time:   [9.1589 ns 9.2723 ns 9.4491 ns]
Found 2 outliers among 30 measurements (6.67%)
  1 (3.33%) high mild
  1 (3.33%) high severe

Benchmarking open_type_filter_resolution/query_surface=filter_resolution/label_count=254/request_shape=empty/enco...
Benchmarking open_type_filter_resolution/query_surface=filter_resolution/label_count=254/request_shape=empty/enco...: Warming up for 3.0000 s
Benchmarking open_type_filter_resolution/query_surface=filter_resolution/label_count=254/request_shape=empty/enco...: Collecting 20 samples in estimated 5.0000 s (919M iterations)
Benchmarking open_type_filter_resolution/query_surface=filter_resolution/label_count=254/request_shape=empty/enco...: Analyzing
open_type_filter_resolution/query_surface=filter_resolution/label_count=254/request_shape=empty/enco...
                        time:   [5.4867 ns 5.5188 ns 5.5516 ns]
                        thrpt:  [180.13 Melem/s 181.20 Melem/s 182.26 Melem/s]
Found 1 outliers among 20 measurements (5.00%)
  1 (5.00%) high mild
Benchmarking open_type_filter_resolution/query_surface=filter_resolution/label_count=254/request_shape=one_exact/...
Benchmarking open_type_filter_resolution/query_surface=filter_resolution/label_count=254/request_shape=one_exact/...: Warming up for 3.0000 s
Benchmarking open_type_filter_resolution/query_surface=filter_resolution/label_count=254/request_shape=one_exact/...: Collecting 20 samples in estimated 5.0000 s (78M iterations)
Benchmarking open_type_filter_resolution/query_surface=filter_resolution/label_count=254/request_shape=one_exact/...: Analyzing
open_type_filter_resolution/query_surface=filter_resolution/label_count=254/request_shape=one_exact/...
                        time:   [61.341 ns 61.666 ns 62.053 ns]
                        thrpt:  [16.115 Melem/s 16.216 Melem/s 16.302 Melem/s]
Found 2 outliers among 20 measurements (10.00%)
  1 (5.00%) low mild
  1 (5.00%) high mild
Benchmarking open_type_filter_resolution/query_surface=filter_resolution/label_count=254/request_shape=bounded_40...
Benchmarking open_type_filter_resolution/query_surface=filter_resolution/label_count=254/request_shape=bounded_40...: Warming up for 3.0000 s
Benchmarking open_type_filter_resolution/query_surface=filter_resolution/label_count=254/request_shape=bounded_40...: Collecting 20 samples in estimated 5.0004 s (965k iterations)
Benchmarking open_type_filter_resolution/query_surface=filter_resolution/label_count=254/request_shape=bounded_40...: Analyzing
open_type_filter_resolution/query_surface=filter_resolution/label_count=254/request_shape=bounded_40...
                        time:   [5.1281 µs 5.1462 µs 5.1634 µs]
                        thrpt:  [49.192 Melem/s 49.356 Melem/s 49.531 Melem/s]
Found 1 outliers among 20 measurements (5.00%)
  1 (5.00%) high mild
Benchmarking open_type_filter_resolution/query_surface=filter_request/label_count=254/request=first/encoding=adap...
Benchmarking open_type_filter_resolution/query_surface=filter_request/label_count=254/request=first/encoding=adap...: Warming up for 3.0000 s
Benchmarking open_type_filter_resolution/query_surface=filter_request/label_count=254/request=first/encoding=adap...: Collecting 20 samples in estimated 5.0000 s (78M iterations)
Benchmarking open_type_filter_resolution/query_surface=filter_request/label_count=254/request=first/encoding=adap...: Analyzing
open_type_filter_resolution/query_surface=filter_request/label_count=254/request=first/encoding=adap...
                        time:   [61.116 ns 61.952 ns 63.029 ns]
                        thrpt:  [4.0299 Gelem/s 4.1000 Gelem/s 4.1560 Gelem/s]
Found 3 outliers among 20 measurements (15.00%)
  2 (10.00%) high mild
  1 (5.00%) high severe
Benchmarking open_type_filter_resolution/query_surface=filter_request/label_count=254/request=last/encoding=adapt...
Benchmarking open_type_filter_resolution/query_surface=filter_request/label_count=254/request=last/encoding=adapt...: Warming up for 3.0000 s
Benchmarking open_type_filter_resolution/query_surface=filter_request/label_count=254/request=last/encoding=adapt...: Collecting 20 samples in estimated 5.0000 s (79M iterations)
Benchmarking open_type_filter_resolution/query_surface=filter_request/label_count=254/request=last/encoding=adapt...: Analyzing
open_type_filter_resolution/query_surface=filter_request/label_count=254/request=last/encoding=adapt...
                        time:   [62.415 ns 62.830 ns 63.313 ns]
                        thrpt:  [4.0118 Gelem/s 4.0426 Gelem/s 4.0695 Gelem/s]
Found 1 outliers among 20 measurements (5.00%)
  1 (5.00%) high mild
Benchmarking open_type_filter_resolution/query_surface=filter_request/label_count=254/request=missing/encoding=ad...
Benchmarking open_type_filter_resolution/query_surface=filter_request/label_count=254/request=missing/encoding=ad...: Warming up for 3.0000 s
Benchmarking open_type_filter_resolution/query_surface=filter_request/label_count=254/request=missing/encoding=ad...: Collecting 20 samples in estimated 5.0000 s (106M iterations)
Benchmarking open_type_filter_resolution/query_surface=filter_request/label_count=254/request=missing/encoding=ad...: Analyzing
open_type_filter_resolution/query_surface=filter_request/label_count=254/request=missing/encoding=ad...
                        time:   [45.847 ns 46.346 ns 46.958 ns]
                        thrpt:  [5.4091 Gelem/s 5.4805 Gelem/s 5.5402 Gelem/s]
Benchmarking open_type_filter_resolution/query_surface=filter_request/label_count=254/request=32_labels/encoding=...
Benchmarking open_type_filter_resolution/query_surface=filter_request/label_count=254/request=32_labels/encoding=...: Warming up for 3.0000 s
Benchmarking open_type_filter_resolution/query_surface=filter_request/label_count=254/request=32_labels/encoding=...: Collecting 20 samples in estimated 5.0000 s (7.2M iterations)
Benchmarking open_type_filter_resolution/query_surface=filter_request/label_count=254/request=32_labels/encoding=...: Analyzing
open_type_filter_resolution/query_surface=filter_request/label_count=254/request=32_labels/encoding=...
                        time:   [780.06 ns 830.24 ns 865.28 ns]
                        thrpt:  [293.55 Melem/s 305.93 Melem/s 325.61 Melem/s]
Benchmarking open_type_filter_resolution/query_surface=filter_resolution/label_count=255/request_shape=empty/enco...
Benchmarking open_type_filter_resolution/query_surface=filter_resolution/label_count=255/request_shape=empty/enco...: Warming up for 3.0000 s
Benchmarking open_type_filter_resolution/query_surface=filter_resolution/label_count=255/request_shape=empty/enco...: Collecting 20 samples in estimated 5.0000 s (784M iterations)
Benchmarking open_type_filter_resolution/query_surface=filter_resolution/label_count=255/request_shape=empty/enco...: Analyzing
open_type_filter_resolution/query_surface=filter_resolution/label_count=255/request_shape=empty/enco...
                        time:   [5.4291 ns 5.4420 ns 5.4639 ns]
                        thrpt:  [183.02 Melem/s 183.76 Melem/s 184.19 Melem/s]
Found 3 outliers among 20 measurements (15.00%)
  1 (5.00%) high mild
  2 (10.00%) high severe
Benchmarking open_type_filter_resolution/query_surface=filter_resolution/label_count=255/request_shape=one_exact/...
Benchmarking open_type_filter_resolution/query_surface=filter_resolution/label_count=255/request_shape=one_exact/...: Warming up for 3.0000 s
Benchmarking open_type_filter_resolution/query_surface=filter_resolution/label_count=255/request_shape=one_exact/...: Collecting 20 samples in estimated 5.0000 s (79M iterations)
Benchmarking open_type_filter_resolution/query_surface=filter_resolution/label_count=255/request_shape=one_exact/...: Analyzing
open_type_filter_resolution/query_surface=filter_resolution/label_count=255/request_shape=one_exact/...
                        time:   [62.058 ns 62.657 ns 63.177 ns]
                        thrpt:  [15.828 Melem/s 15.960 Melem/s 16.114 Melem/s]
Found 1 outliers among 20 measurements (5.00%)
  1 (5.00%) low severe
Benchmarking open_type_filter_resolution/query_surface=filter_resolution/label_count=255/request_shape=bounded_40...
Benchmarking open_type_filter_resolution/query_surface=filter_resolution/label_count=255/request_shape=bounded_40...: Warming up for 3.0000 s
Benchmarking open_type_filter_resolution/query_surface=filter_resolution/label_count=255/request_shape=bounded_40...: Collecting 20 samples in estimated 5.0007 s (966k iterations)
Benchmarking open_type_filter_resolution/query_surface=filter_resolution/label_count=255/request_shape=bounded_40...: Analyzing
open_type_filter_resolution/query_surface=filter_resolution/label_count=255/request_shape=bounded_40...
                        time:   [5.1687 µs 5.1850 µs 5.2189 µs]
                        thrpt:  [48.861 Melem/s 49.180 Melem/s 49.336 Melem/s]
Found 3 outliers among 20 measurements (15.00%)
  2 (10.00%) high mild
  1 (5.00%) high severe
Benchmarking open_type_filter_resolution/query_surface=filter_request/label_count=255/request=first/encoding=adap...
Benchmarking open_type_filter_resolution/query_surface=filter_request/label_count=255/request=first/encoding=adap...: Warming up for 3.0000 s
Benchmarking open_type_filter_resolution/query_surface=filter_request/label_count=255/request=first/encoding=adap...: Collecting 20 samples in estimated 5.0000 s (83M iterations)
Benchmarking open_type_filter_resolution/query_surface=filter_request/label_count=255/request=first/encoding=adap...: Analyzing
open_type_filter_resolution/query_surface=filter_request/label_count=255/request=first/encoding=adap...
                        time:   [59.661 ns 60.321 ns 61.104 ns]
                        thrpt:  [4.1732 Gelem/s 4.2274 Gelem/s 4.2742 Gelem/s]
Found 1 outliers among 20 measurements (5.00%)
  1 (5.00%) high severe
Benchmarking open_type_filter_resolution/query_surface=filter_request/label_count=255/request=last/encoding=adapt...
Benchmarking open_type_filter_resolution/query_surface=filter_request/label_count=255/request=last/encoding=adapt...: Warming up for 3.0000 s
Benchmarking open_type_filter_resolution/query_surface=filter_request/label_count=255/request=last/encoding=adapt...: Collecting 20 samples in estimated 5.0000 s (82M iterations)
Benchmarking open_type_filter_resolution/query_surface=filter_request/label_count=255/request=last/encoding=adapt...: Analyzing
open_type_filter_resolution/query_surface=filter_request/label_count=255/request=last/encoding=adapt...
                        time:   [59.612 ns 60.058 ns 60.512 ns]
                        thrpt:  [4.2140 Gelem/s 4.2459 Gelem/s 4.2776 Gelem/s]
Benchmarking open_type_filter_resolution/query_surface=filter_request/label_count=255/request=missing/encoding=ad...
Benchmarking open_type_filter_resolution/query_surface=filter_request/label_count=255/request=missing/encoding=ad...: Warming up for 3.0000 s
Benchmarking open_type_filter_resolution/query_surface=filter_request/label_count=255/request=missing/encoding=ad...: Collecting 20 samples in estimated 5.0000 s (110M iterations)
Benchmarking open_type_filter_resolution/query_surface=filter_request/label_count=255/request=missing/encoding=ad...: Analyzing
open_type_filter_resolution/query_surface=filter_request/label_count=255/request=missing/encoding=ad...
                        time:   [45.404 ns 45.802 ns 46.187 ns]
                        thrpt:  [5.5210 Gelem/s 5.5675 Gelem/s 5.6162 Gelem/s]
Benchmarking open_type_filter_resolution/query_surface=filter_request/label_count=255/request=32_labels/encoding=...
Benchmarking open_type_filter_resolution/query_surface=filter_request/label_count=255/request=32_labels/encoding=...: Warming up for 3.0000 s
Benchmarking open_type_filter_resolution/query_surface=filter_request/label_count=255/request=32_labels/encoding=...: Collecting 20 samples in estimated 5.0001 s (7.3M iterations)
Benchmarking open_type_filter_resolution/query_surface=filter_request/label_count=255/request=32_labels/encoding=...: Analyzing
open_type_filter_resolution/query_surface=filter_request/label_count=255/request=32_labels/encoding=...
                        time:   [685.13 ns 687.48 ns 690.11 ns]
                        thrpt:  [369.51 Melem/s 370.92 Melem/s 372.19 Melem/s]
Found 1 outliers among 20 measurements (5.00%)
  1 (5.00%) high mild
Benchmarking open_type_filter_resolution/query_surface=filter_resolution/label_count=65534/request_shape=empty/en...
Benchmarking open_type_filter_resolution/query_surface=filter_resolution/label_count=65534/request_shape=empty/en...: Warming up for 3.0000 s
Benchmarking open_type_filter_resolution/query_surface=filter_resolution/label_count=65534/request_shape=empty/en...: Collecting 20 samples in estimated 5.0000 s (920M iterations)
Benchmarking open_type_filter_resolution/query_surface=filter_resolution/label_count=65534/request_shape=empty/en...: Analyzing
open_type_filter_resolution/query_surface=filter_resolution/label_count=65534/request_shape=empty/en...
                        time:   [5.4196 ns 5.4347 ns 5.4550 ns]
                        thrpt:  [183.32 Melem/s 184.00 Melem/s 184.52 Melem/s]
Found 1 outliers among 20 measurements (5.00%)
  1 (5.00%) high mild
Benchmarking open_type_filter_resolution/query_surface=filter_resolution/label_count=65534/request_shape=one_exac...
Benchmarking open_type_filter_resolution/query_surface=filter_resolution/label_count=65534/request_shape=one_exac...: Warming up for 3.0000 s
Benchmarking open_type_filter_resolution/query_surface=filter_resolution/label_count=65534/request_shape=one_exac...: Collecting 20 samples in estimated 5.0000 s (83M iterations)
Benchmarking open_type_filter_resolution/query_surface=filter_resolution/label_count=65534/request_shape=one_exac...: Analyzing
open_type_filter_resolution/query_surface=filter_resolution/label_count=65534/request_shape=one_exac...
                        time:   [59.628 ns 60.429 ns 61.917 ns]
                        thrpt:  [16.151 Melem/s 16.548 Melem/s 16.771 Melem/s]
Found 2 outliers among 20 measurements (10.00%)
  1 (5.00%) low mild
  1 (5.00%) high severe
Benchmarking open_type_filter_resolution/query_surface=filter_resolution/label_count=65534/request_shape=bounded_...
Benchmarking open_type_filter_resolution/query_surface=filter_resolution/label_count=65534/request_shape=bounded_...: Warming up for 3.0000 s
Benchmarking open_type_filter_resolution/query_surface=filter_resolution/label_count=65534/request_shape=bounded_...: Collecting 20 samples in estimated 5.0046 s (42k iterations)
Benchmarking open_type_filter_resolution/query_surface=filter_resolution/label_count=65534/request_shape=bounded_...: Analyzing
open_type_filter_resolution/query_surface=filter_resolution/label_count=65534/request_shape=bounded_...
                        time:   [118.94 µs 119.71 µs 120.36 µs]
                        thrpt:  [34.030 Melem/s 34.215 Melem/s 34.437 Melem/s]
Benchmarking open_type_filter_resolution/query_surface=filter_request/label_count=65534/request=first/encoding=ad...
Benchmarking open_type_filter_resolution/query_surface=filter_request/label_count=65534/request=first/encoding=ad...: Warming up for 3.0000 s
Benchmarking open_type_filter_resolution/query_surface=filter_request/label_count=65534/request=first/encoding=ad...: Collecting 20 samples in estimated 5.0000 s (84M iterations)
Benchmarking open_type_filter_resolution/query_surface=filter_request/label_count=65534/request=first/encoding=ad...: Analyzing
open_type_filter_resolution/query_surface=filter_request/label_count=65534/request=first/encoding=ad...
                        time:   [58.695 ns 59.087 ns 59.416 ns]
                        thrpt:  [68.937 Gelem/s 69.321 Gelem/s 69.785 Gelem/s]
Found 2 outliers among 20 measurements (10.00%)
  2 (10.00%) low mild
Benchmarking open_type_filter_resolution/query_surface=filter_request/label_count=65534/request=last/encoding=ada...
Benchmarking open_type_filter_resolution/query_surface=filter_request/label_count=65534/request=last/encoding=ada...: Warming up for 3.0000 s
Benchmarking open_type_filter_resolution/query_surface=filter_request/label_count=65534/request=last/encoding=ada...: Collecting 20 samples in estimated 5.0000 s (83M iterations)
Benchmarking open_type_filter_resolution/query_surface=filter_request/label_count=65534/request=last/encoding=ada...: Analyzing
open_type_filter_resolution/query_surface=filter_request/label_count=65534/request=last/encoding=ada...
                        time:   [59.211 ns 59.613 ns 60.015 ns]
                        thrpt:  [68.250 Gelem/s 68.710 Gelem/s 69.176 Gelem/s]
Found 1 outliers among 20 measurements (5.00%)
  1 (5.00%) high mild
Benchmarking open_type_filter_resolution/query_surface=filter_request/label_count=65534/request=missing/encoding=...
Benchmarking open_type_filter_resolution/query_surface=filter_request/label_count=65534/request=missing/encoding=...: Warming up for 3.0000 s
Benchmarking open_type_filter_resolution/query_surface=filter_request/label_count=65534/request=missing/encoding=...: Collecting 20 samples in estimated 5.0000 s (110M iterations)
Benchmarking open_type_filter_resolution/query_surface=filter_request/label_count=65534/request=missing/encoding=...: Analyzing
open_type_filter_resolution/query_surface=filter_request/label_count=65534/request=missing/encoding=...
                        time:   [45.305 ns 45.645 ns 45.957 ns]
                        thrpt:  [89.128 Gelem/s 89.737 Gelem/s 90.410 Gelem/s]
Found 2 outliers among 20 measurements (10.00%)
  1 (5.00%) low mild
  1 (5.00%) high mild
Benchmarking open_type_filter_resolution/query_surface=filter_request/label_count=65534/request=32_labels/encodin...
Benchmarking open_type_filter_resolution/query_surface=filter_request/label_count=65534/request=32_labels/encodin...: Warming up for 3.0000 s
Benchmarking open_type_filter_resolution/query_surface=filter_request/label_count=65534/request=32_labels/encodin...: Collecting 20 samples in estimated 5.0001 s (7.1M iterations)
Benchmarking open_type_filter_resolution/query_surface=filter_request/label_count=65534/request=32_labels/encodin...: Analyzing
open_type_filter_resolution/query_surface=filter_request/label_count=65534/request=32_labels/encodin...
                        time:   [703.04 ns 706.91 ns 714.32 ns]
                        thrpt:  [5.7341 Gelem/s 5.7942 Gelem/s 5.8261 Gelem/s]
Found 1 outliers among 20 measurements (5.00%)
  1 (5.00%) high severe
Benchmarking open_type_filter_resolution/query_surface=filter_resolution/label_count=65535/request_shape=empty/en...
Benchmarking open_type_filter_resolution/query_surface=filter_resolution/label_count=65535/request_shape=empty/en...: Warming up for 3.0000 s
Benchmarking open_type_filter_resolution/query_surface=filter_resolution/label_count=65535/request_shape=empty/en...: Collecting 20 samples in estimated 5.0000 s (922M iterations)
Benchmarking open_type_filter_resolution/query_surface=filter_resolution/label_count=65535/request_shape=empty/en...: Analyzing
open_type_filter_resolution/query_surface=filter_resolution/label_count=65535/request_shape=empty/en...
                        time:   [5.4130 ns 5.4378 ns 5.4628 ns]
                        thrpt:  [183.06 Melem/s 183.90 Melem/s 184.74 Melem/s]
Benchmarking open_type_filter_resolution/query_surface=filter_resolution/label_count=65535/request_shape=one_exac...
Benchmarking open_type_filter_resolution/query_surface=filter_resolution/label_count=65535/request_shape=one_exac...: Warming up for 3.0000 s
Benchmarking open_type_filter_resolution/query_surface=filter_resolution/label_count=65535/request_shape=one_exac...: Collecting 20 samples in estimated 5.0000 s (83M iterations)
Benchmarking open_type_filter_resolution/query_surface=filter_resolution/label_count=65535/request_shape=one_exac...: Analyzing
open_type_filter_resolution/query_surface=filter_resolution/label_count=65535/request_shape=one_exac...
                        time:   [58.640 ns 59.218 ns 59.751 ns]
                        thrpt:  [16.736 Melem/s 16.887 Melem/s 17.053 Melem/s]
Benchmarking open_type_filter_resolution/query_surface=filter_resolution/label_count=65535/request_shape=bounded_...
Benchmarking open_type_filter_resolution/query_surface=filter_resolution/label_count=65535/request_shape=bounded_...: Warming up for 3.0000 s
Benchmarking open_type_filter_resolution/query_surface=filter_resolution/label_count=65535/request_shape=bounded_...: Collecting 20 samples in estimated 5.0060 s (42k iterations)
Benchmarking open_type_filter_resolution/query_surface=filter_resolution/label_count=65535/request_shape=bounded_...: Analyzing
open_type_filter_resolution/query_surface=filter_resolution/label_count=65535/request_shape=bounded_...
                        time:   [119.68 µs 119.95 µs 120.25 µs]
                        thrpt:  [34.062 Melem/s 34.148 Melem/s 34.225 Melem/s]
Found 3 outliers among 20 measurements (15.00%)
  1 (5.00%) low mild
  1 (5.00%) high mild
  1 (5.00%) high severe
Benchmarking open_type_filter_resolution/query_surface=filter_request/label_count=65535/request=first/encoding=ad...
Benchmarking open_type_filter_resolution/query_surface=filter_request/label_count=65535/request=first/encoding=ad...: Warming up for 3.0000 s
Benchmarking open_type_filter_resolution/query_surface=filter_request/label_count=65535/request=first/encoding=ad...: Collecting 20 samples in estimated 5.0000 s (84M iterations)
Benchmarking open_type_filter_resolution/query_surface=filter_request/label_count=65535/request=first/encoding=ad...: Analyzing
open_type_filter_resolution/query_surface=filter_request/label_count=65535/request=first/encoding=ad...
                        time:   [58.544 ns 58.891 ns 59.261 ns]
                        thrpt:  [69.118 Gelem/s 69.552 Gelem/s 69.965 Gelem/s]
Found 2 outliers among 20 measurements (10.00%)
  2 (10.00%) low mild
Benchmarking open_type_filter_resolution/query_surface=filter_request/label_count=65535/request=last/encoding=ada...
Benchmarking open_type_filter_resolution/query_surface=filter_request/label_count=65535/request=last/encoding=ada...: Warming up for 3.0000 s
Benchmarking open_type_filter_resolution/query_surface=filter_request/label_count=65535/request=last/encoding=ada...: Collecting 20 samples in estimated 5.0000 s (83M iterations)
Benchmarking open_type_filter_resolution/query_surface=filter_request/label_count=65535/request=last/encoding=ada...: Analyzing
open_type_filter_resolution/query_surface=filter_request/label_count=65535/request=last/encoding=ada...
                        time:   [59.385 ns 59.614 ns 59.831 ns]
                        thrpt:  [68.459 Gelem/s 68.708 Gelem/s 68.974 Gelem/s]
Found 1 outliers among 20 measurements (5.00%)
  1 (5.00%) high mild
Benchmarking open_type_filter_resolution/query_surface=filter_request/label_count=65535/request=missing/encoding=...
Benchmarking open_type_filter_resolution/query_surface=filter_request/label_count=65535/request=missing/encoding=...: Warming up for 3.0000 s
Benchmarking open_type_filter_resolution/query_surface=filter_request/label_count=65535/request=missing/encoding=...: Collecting 20 samples in estimated 5.0000 s (111M iterations)
Benchmarking open_type_filter_resolution/query_surface=filter_request/label_count=65535/request=missing/encoding=...: Analyzing
open_type_filter_resolution/query_surface=filter_request/label_count=65535/request=missing/encoding=...
                        time:   [44.176 ns 44.434 ns 44.686 ns]
                        thrpt:  [91.661 Gelem/s 92.181 Gelem/s 92.720 Gelem/s]
Found 1 outliers among 20 measurements (5.00%)
  1 (5.00%) low mild
Benchmarking open_type_filter_resolution/query_surface=filter_request/label_count=65535/request=32_labels/encodin...
Benchmarking open_type_filter_resolution/query_surface=filter_request/label_count=65535/request=32_labels/encodin...: Warming up for 3.0000 s
Benchmarking open_type_filter_resolution/query_surface=filter_request/label_count=65535/request=32_labels/encodin...: Collecting 20 samples in estimated 5.0001 s (7.2M iterations)
Benchmarking open_type_filter_resolution/query_surface=filter_request/label_count=65535/request=32_labels/encodin...: Analyzing
open_type_filter_resolution/query_surface=filter_request/label_count=65535/request=32_labels/encodin...
                        time:   [710.82 ns 728.01 ns 742.68 ns]
                        thrpt:  [5.5151 Gelem/s 5.6263 Gelem/s 5.7624 Gelem/s]
Found 4 outliers among 20 measurements (20.00%)
  4 (20.00%) high mild
Benchmarking open_type_filter_resolution/query_surface=filter_resolution/label_count=65536/request_shape=empty/en...
Benchmarking open_type_filter_resolution/query_surface=filter_resolution/label_count=65536/request_shape=empty/en...: Warming up for 3.0000 s
Benchmarking open_type_filter_resolution/query_surface=filter_resolution/label_count=65536/request_shape=empty/en...: Collecting 20 samples in estimated 5.0000 s (932M iterations)
Benchmarking open_type_filter_resolution/query_surface=filter_resolution/label_count=65536/request_shape=empty/en...: Analyzing
open_type_filter_resolution/query_surface=filter_resolution/label_count=65536/request_shape=empty/en...
                        time:   [5.3380 ns 5.3612 ns 5.3895 ns]
                        thrpt:  [185.55 Melem/s 186.52 Melem/s 187.34 Melem/s]
Found 1 outliers among 20 measurements (5.00%)
  1 (5.00%) high mild
Benchmarking open_type_filter_resolution/query_surface=filter_resolution/label_count=65536/request_shape=one_exac...
Benchmarking open_type_filter_resolution/query_surface=filter_resolution/label_count=65536/request_shape=one_exac...: Warming up for 3.0000 s
Benchmarking open_type_filter_resolution/query_surface=filter_resolution/label_count=65536/request_shape=one_exac...: Collecting 20 samples in estimated 5.0000 s (84M iterations)
Benchmarking open_type_filter_resolution/query_surface=filter_resolution/label_count=65536/request_shape=one_exac...: Analyzing
open_type_filter_resolution/query_surface=filter_resolution/label_count=65536/request_shape=one_exac...
                        time:   [58.656 ns 59.208 ns 59.794 ns]
                        thrpt:  [16.724 Melem/s 16.890 Melem/s 17.049 Melem/s]
Benchmarking open_type_filter_resolution/query_surface=filter_resolution/label_count=65536/request_shape=bounded_...
Benchmarking open_type_filter_resolution/query_surface=filter_resolution/label_count=65536/request_shape=bounded_...: Warming up for 3.0000 s
Benchmarking open_type_filter_resolution/query_surface=filter_resolution/label_count=65536/request_shape=bounded_...: Collecting 20 samples in estimated 5.0094 s (43k iterations)
Benchmarking open_type_filter_resolution/query_surface=filter_resolution/label_count=65536/request_shape=bounded_...: Analyzing
open_type_filter_resolution/query_surface=filter_resolution/label_count=65536/request_shape=bounded_...
                        time:   [116.32 µs 116.86 µs 117.41 µs]
                        thrpt:  [34.886 Melem/s 35.052 Melem/s 35.212 Melem/s]
Found 2 outliers among 20 measurements (10.00%)
  1 (5.00%) high mild
  1 (5.00%) high severe
Benchmarking open_type_filter_resolution/query_surface=filter_request/label_count=65536/request=first/encoding=ad...
Benchmarking open_type_filter_resolution/query_surface=filter_request/label_count=65536/request=first/encoding=ad...: Warming up for 3.0000 s
Benchmarking open_type_filter_resolution/query_surface=filter_request/label_count=65536/request=first/encoding=ad...: Collecting 20 samples in estimated 5.0000 s (86M iterations)
Benchmarking open_type_filter_resolution/query_surface=filter_request/label_count=65536/request=first/encoding=ad...: Analyzing
open_type_filter_resolution/query_surface=filter_request/label_count=65536/request=first/encoding=ad...
                        time:   [57.022 ns 57.563 ns 58.140 ns]
                        thrpt:  [70.451 Gelem/s 71.157 Gelem/s 71.831 Gelem/s]
Benchmarking open_type_filter_resolution/query_surface=filter_request/label_count=65536/request=last/encoding=ada...
Benchmarking open_type_filter_resolution/query_surface=filter_request/label_count=65536/request=last/encoding=ada...: Warming up for 3.0000 s
Benchmarking open_type_filter_resolution/query_surface=filter_request/label_count=65536/request=last/encoding=ada...: Collecting 20 samples in estimated 5.0000 s (84M iterations)
Benchmarking open_type_filter_resolution/query_surface=filter_request/label_count=65536/request=last/encoding=ada...: Analyzing
open_type_filter_resolution/query_surface=filter_request/label_count=65536/request=last/encoding=ada...
                        time:   [58.194 ns 58.656 ns 59.086 ns]
                        thrpt:  [69.323 Gelem/s 69.830 Gelem/s 70.385 Gelem/s]
Found 1 outliers among 20 measurements (5.00%)
  1 (5.00%) high mild
Benchmarking open_type_filter_resolution/query_surface=filter_request/label_count=65536/request=missing/encoding=...
Benchmarking open_type_filter_resolution/query_surface=filter_request/label_count=65536/request=missing/encoding=...: Warming up for 3.0000 s
Benchmarking open_type_filter_resolution/query_surface=filter_request/label_count=65536/request=missing/encoding=...: Collecting 20 samples in estimated 5.0000 s (114M iterations)
Benchmarking open_type_filter_resolution/query_surface=filter_request/label_count=65536/request=missing/encoding=...: Analyzing
open_type_filter_resolution/query_surface=filter_request/label_count=65536/request=missing/encoding=...
                        time:   [43.566 ns 43.903 ns 44.282 ns]
                        thrpt:  [92.498 Gelem/s 93.296 Gelem/s 94.018 Gelem/s]
Found 4 outliers among 20 measurements (20.00%)
  1 (5.00%) low mild
  2 (10.00%) high mild
  1 (5.00%) high severe
Benchmarking open_type_filter_resolution/query_surface=filter_request/label_count=65536/request=32_labels/encodin...
Benchmarking open_type_filter_resolution/query_surface=filter_request/label_count=65536/request=32_labels/encodin...: Warming up for 3.0000 s
Benchmarking open_type_filter_resolution/query_surface=filter_request/label_count=65536/request=32_labels/encodin...: Collecting 20 samples in estimated 5.0001 s (7.3M iterations)
Benchmarking open_type_filter_resolution/query_surface=filter_request/label_count=65536/request=32_labels/encodin...: Analyzing
open_type_filter_resolution/query_surface=filter_request/label_count=65536/request=32_labels/encodin...
                        time:   [677.28 ns 679.01 ns 681.04 ns]
                        thrpt:  [6.0144 Gelem/s 6.0323 Gelem/s 6.0477 Gelem/s]
Found 2 outliers among 20 measurements (10.00%)
  2 (10.00%) high mild

Benchmarking open_type_bfs/query_surface=bfs/label_count=254/selectivity=no_filter/degree=1/depth=4/csr_direction...
Benchmarking open_type_bfs/query_surface=bfs/label_count=254/selectivity=no_filter/degree=1/depth=4/csr_direction...: Warming up for 3.0000 s
Benchmarking open_type_bfs/query_surface=bfs/label_count=254/selectivity=no_filter/degree=1/depth=4/csr_direction...: Collecting 20 samples in estimated 5.0000 s (15M iterations)
Benchmarking open_type_bfs/query_surface=bfs/label_count=254/selectivity=no_filter/degree=1/depth=4/csr_direction...: Analyzing
open_type_bfs/query_surface=bfs/label_count=254/selectivity=no_filter/degree=1/depth=4/csr_direction...
                        time:   [317.59 ns 318.53 ns 319.43 ns]
                        thrpt:  [12.522 Melem/s 12.558 Melem/s 12.595 Melem/s]
Found 3 outliers among 20 measurements (15.00%)
  1 (5.00%) low severe
  1 (5.00%) low mild
  1 (5.00%) high mild
Benchmarking open_type_bfs/query_surface=bfs/label_count=254/selectivity=no_filter/degree=8/depth=1/csr_direction...
Benchmarking open_type_bfs/query_surface=bfs/label_count=254/selectivity=no_filter/degree=8/depth=1/csr_direction...: Warming up for 3.0000 s
Benchmarking open_type_bfs/query_surface=bfs/label_count=254/selectivity=no_filter/degree=8/depth=1/csr_direction...: Collecting 20 samples in estimated 5.0000 s (12M iterations)
Benchmarking open_type_bfs/query_surface=bfs/label_count=254/selectivity=no_filter/degree=8/depth=1/csr_direction...: Analyzing
open_type_bfs/query_surface=bfs/label_count=254/selectivity=no_filter/degree=8/depth=1/csr_direction...
                        time:   [419.96 ns 421.43 ns 422.99 ns]
                        thrpt:  [18.913 Melem/s 18.983 Melem/s 19.049 Melem/s]
Found 1 outliers among 20 measurements (5.00%)
  1 (5.00%) high severe
Benchmarking open_type_bfs/query_surface=bfs/label_count=254/selectivity=no_filter/degree=8/depth=4/csr_direction...
Benchmarking open_type_bfs/query_surface=bfs/label_count=254/selectivity=no_filter/degree=8/depth=4/csr_direction...: Warming up for 3.0000 s
Benchmarking open_type_bfs/query_surface=bfs/label_count=254/selectivity=no_filter/degree=8/depth=4/csr_direction...: Collecting 20 samples in estimated 5.0001 s (3.9M iterations)
Benchmarking open_type_bfs/query_surface=bfs/label_count=254/selectivity=no_filter/degree=8/depth=4/csr_direction...: Analyzing
open_type_bfs/query_surface=bfs/label_count=254/selectivity=no_filter/degree=8/depth=4/csr_direction...
                        time:   [1.2819 µs 1.2898 µs 1.2972 µs]
                        thrpt:  [24.669 Melem/s 24.809 Melem/s 24.963 Melem/s]
Benchmarking open_type_bfs/query_surface=bfs/label_count=254/selectivity=all_matched/degree=8/depth=4/csr_directi...
Benchmarking open_type_bfs/query_surface=bfs/label_count=254/selectivity=all_matched/degree=8/depth=4/csr_directi...: Warming up for 3.0000 s
Benchmarking open_type_bfs/query_surface=bfs/label_count=254/selectivity=all_matched/degree=8/depth=4/csr_directi...: Collecting 20 samples in estimated 5.0000 s (3.4M iterations)
Benchmarking open_type_bfs/query_surface=bfs/label_count=254/selectivity=all_matched/degree=8/depth=4/csr_directi...: Analyzing
open_type_bfs/query_surface=bfs/label_count=254/selectivity=all_matched/degree=8/depth=4/csr_directi...
                        time:   [1.4358 µs 1.4415 µs 1.4472 µs]
                        thrpt:  [22.112 Melem/s 22.200 Melem/s 22.288 Melem/s]
Found 1 outliers among 20 measurements (5.00%)
  1 (5.00%) high mild
Benchmarking open_type_bfs/query_surface=bfs/label_count=254/selectivity=half_of_32/degree=8/depth=4/csr_directio...
Benchmarking open_type_bfs/query_surface=bfs/label_count=254/selectivity=half_of_32/degree=8/depth=4/csr_directio...: Warming up for 3.0000 s
Benchmarking open_type_bfs/query_surface=bfs/label_count=254/selectivity=half_of_32/degree=8/depth=4/csr_directio...: Collecting 20 samples in estimated 5.0002 s (4.9M iterations)
Benchmarking open_type_bfs/query_surface=bfs/label_count=254/selectivity=half_of_32/degree=8/depth=4/csr_directio...: Analyzing
open_type_bfs/query_surface=bfs/label_count=254/selectivity=half_of_32/degree=8/depth=4/csr_directio...
                        time:   [1.0169 µs 1.0262 µs 1.0360 µs]
                        thrpt:  [30.889 Melem/s 31.182 Melem/s 31.467 Melem/s]
Found 2 outliers among 20 measurements (10.00%)
  2 (10.00%) high mild
Benchmarking open_type_bfs/query_surface=bfs/label_count=254/selectivity=no_filter/degree=8/depth=4/csr_direction... #2
Benchmarking open_type_bfs/query_surface=bfs/label_count=254/selectivity=no_filter/degree=8/depth=4/csr_direction... #2: Warming up for 3.0000 s
Benchmarking open_type_bfs/query_surface=bfs/label_count=254/selectivity=no_filter/degree=8/depth=4/csr_direction... #2: Collecting 20 samples in estimated 5.0001 s (3.8M iterations)
Benchmarking open_type_bfs/query_surface=bfs/label_count=254/selectivity=no_filter/degree=8/depth=4/csr_direction... #2: Analyzing
open_type_bfs/query_surface=bfs/label_count=254/selectivity=no_filter/degree=8/depth=4/csr_direction... #2
                        time:   [1.3075 µs 1.3133 µs 1.3190 µs]
                        thrpt:  [24.262 Melem/s 24.367 Melem/s 24.474 Melem/s]
Found 1 outliers among 20 measurements (5.00%)
  1 (5.00%) high mild
Benchmarking open_type_bfs/query_surface=bfs/label_count=254/selectivity=none_matched/degree=8/depth=4/csr_direct...
Benchmarking open_type_bfs/query_surface=bfs/label_count=254/selectivity=none_matched/degree=8/depth=4/csr_direct...: Warming up for 3.0000 s
Benchmarking open_type_bfs/query_surface=bfs/label_count=254/selectivity=none_matched/degree=8/depth=4/csr_direct...: Collecting 20 samples in estimated 5.0000 s (29M iterations)
Benchmarking open_type_bfs/query_surface=bfs/label_count=254/selectivity=none_matched/degree=8/depth=4/csr_direct...: Analyzing
open_type_bfs/query_surface=bfs/label_count=254/selectivity=none_matched/degree=8/depth=4/csr_direct...
                        time:   [184.02 ns 187.97 ns 191.43 ns]
                        thrpt:  [167.17 Melem/s 170.24 Melem/s 173.89 Melem/s]
Benchmarking open_type_bfs/query_surface=bfs/label_count=254/selectivity=one_of_32/degree=8/depth=4/csr_direction...
Benchmarking open_type_bfs/query_surface=bfs/label_count=254/selectivity=one_of_32/degree=8/depth=4/csr_direction...: Warming up for 3.0000 s
Benchmarking open_type_bfs/query_surface=bfs/label_count=254/selectivity=one_of_32/degree=8/depth=4/csr_direction...: Collecting 20 samples in estimated 5.0001 s (16M iterations)
Benchmarking open_type_bfs/query_surface=bfs/label_count=254/selectivity=one_of_32/degree=8/depth=4/csr_direction...: Analyzing
open_type_bfs/query_surface=bfs/label_count=254/selectivity=one_of_32/degree=8/depth=4/csr_direction...
                        time:   [313.04 ns 315.28 ns 317.15 ns]
                        thrpt:  [100.90 Melem/s 101.50 Melem/s 102.22 Melem/s]
Found 2 outliers among 20 measurements (10.00%)
  1 (5.00%) low mild
  1 (5.00%) high mild
Benchmarking open_type_bfs/query_surface=bfs/label_count=254/selectivity=no_filter/degree=8/depth=16/csr_directio...
Benchmarking open_type_bfs/query_surface=bfs/label_count=254/selectivity=no_filter/degree=8/depth=16/csr_directio...: Warming up for 3.0000 s
Benchmarking open_type_bfs/query_surface=bfs/label_count=254/selectivity=no_filter/degree=8/depth=16/csr_directio...: Collecting 20 samples in estimated 5.0004 s (1.0M iterations)
Benchmarking open_type_bfs/query_surface=bfs/label_count=254/selectivity=no_filter/degree=8/depth=16/csr_directio...: Analyzing
open_type_bfs/query_surface=bfs/label_count=254/selectivity=no_filter/degree=8/depth=16/csr_directio...
                        time:   [4.7455 µs 4.7647 µs 4.7886 µs]
                        thrpt:  [26.730 Melem/s 26.864 Melem/s 26.973 Melem/s]
Found 1 outliers among 20 measurements (5.00%)
  1 (5.00%) high mild
Benchmarking open_type_bfs/query_surface=bfs/label_count=254/selectivity=no_filter/degree=64/depth=4/csr_directio...
Benchmarking open_type_bfs/query_surface=bfs/label_count=254/selectivity=no_filter/degree=64/depth=4/csr_directio...: Warming up for 3.0000 s
Benchmarking open_type_bfs/query_surface=bfs/label_count=254/selectivity=no_filter/degree=64/depth=4/csr_directio...: Collecting 20 samples in estimated 5.0007 s (575k iterations)
Benchmarking open_type_bfs/query_surface=bfs/label_count=254/selectivity=no_filter/degree=64/depth=4/csr_directio...: Analyzing
open_type_bfs/query_surface=bfs/label_count=254/selectivity=no_filter/degree=64/depth=4/csr_directio...
                        time:   [8.5823 µs 8.6223 µs 8.6555 µs]
                        thrpt:  [29.576 Melem/s 29.690 Melem/s 29.829 Melem/s]
Benchmarking open_type_bfs/query_surface=bfs/label_count=254/selectivity=no_filter/degree=1024/depth=4/csr_direct...
Benchmarking open_type_bfs/query_surface=bfs/label_count=254/selectivity=no_filter/degree=1024/depth=4/csr_direct...: Warming up for 3.0000 s
Benchmarking open_type_bfs/query_surface=bfs/label_count=254/selectivity=no_filter/degree=1024/depth=4/csr_direct...: Collecting 20 samples in estimated 5.0160 s (30k iterations)
Benchmarking open_type_bfs/query_surface=bfs/label_count=254/selectivity=no_filter/degree=1024/depth=4/csr_direct...: Analyzing
open_type_bfs/query_surface=bfs/label_count=254/selectivity=no_filter/degree=1024/depth=4/csr_direct...
                        time:   [164.50 µs 164.87 µs 165.19 µs]
                        thrpt:  [24.795 Melem/s 24.843 Melem/s 24.900 Melem/s]
Found 1 outliers among 20 measurements (5.00%)
  1 (5.00%) high mild
Benchmarking open_type_bfs/query_surface=bfs/label_count=255/selectivity=no_filter/degree=8/depth=4/csr_direction...
Benchmarking open_type_bfs/query_surface=bfs/label_count=255/selectivity=no_filter/degree=8/depth=4/csr_direction...: Warming up for 3.0000 s
Benchmarking open_type_bfs/query_surface=bfs/label_count=255/selectivity=no_filter/degree=8/depth=4/csr_direction...: Collecting 20 samples in estimated 5.0001 s (3.8M iterations)
Benchmarking open_type_bfs/query_surface=bfs/label_count=255/selectivity=no_filter/degree=8/depth=4/csr_direction...: Analyzing
open_type_bfs/query_surface=bfs/label_count=255/selectivity=no_filter/degree=8/depth=4/csr_direction...
                        time:   [1.2993 µs 1.3067 µs 1.3142 µs]
                        thrpt:  [24.350 Melem/s 24.490 Melem/s 24.629 Melem/s]
Benchmarking open_type_bfs/query_surface=bfs/label_count=65534/selectivity=no_filter/degree=8/depth=4/csr_directi...
Benchmarking open_type_bfs/query_surface=bfs/label_count=65534/selectivity=no_filter/degree=8/depth=4/csr_directi...: Warming up for 3.0000 s
Benchmarking open_type_bfs/query_surface=bfs/label_count=65534/selectivity=no_filter/degree=8/depth=4/csr_directi...: Collecting 20 samples in estimated 5.0000 s (3.8M iterations)
Benchmarking open_type_bfs/query_surface=bfs/label_count=65534/selectivity=no_filter/degree=8/depth=4/csr_directi...: Analyzing
open_type_bfs/query_surface=bfs/label_count=65534/selectivity=no_filter/degree=8/depth=4/csr_directi...
                        time:   [1.2931 µs 1.3020 µs 1.3101 µs]
                        thrpt:  [24.426 Melem/s 24.578 Melem/s 24.747 Melem/s]
Benchmarking open_type_bfs/query_surface=bfs/label_count=65535/selectivity=no_filter/degree=8/depth=4/csr_directi...
Benchmarking open_type_bfs/query_surface=bfs/label_count=65535/selectivity=no_filter/degree=8/depth=4/csr_directi...: Warming up for 3.0000 s
Benchmarking open_type_bfs/query_surface=bfs/label_count=65535/selectivity=no_filter/degree=8/depth=4/csr_directi...: Collecting 20 samples in estimated 5.0000 s (3.8M iterations)
Benchmarking open_type_bfs/query_surface=bfs/label_count=65535/selectivity=no_filter/degree=8/depth=4/csr_directi...: Analyzing
open_type_bfs/query_surface=bfs/label_count=65535/selectivity=no_filter/degree=8/depth=4/csr_directi...
                        time:   [1.3054 µs 1.3112 µs 1.3161 µs]
                        thrpt:  [24.315 Melem/s 24.406 Melem/s 24.514 Melem/s]
Found 1 outliers among 20 measurements (5.00%)
  1 (5.00%) low mild
Benchmarking open_type_bfs/query_surface=bfs/label_count=65536/selectivity=no_filter/degree=8/depth=4/csr_directi...
Benchmarking open_type_bfs/query_surface=bfs/label_count=65536/selectivity=no_filter/degree=8/depth=4/csr_directi...: Warming up for 3.0000 s
Benchmarking open_type_bfs/query_surface=bfs/label_count=65536/selectivity=no_filter/degree=8/depth=4/csr_directi...: Collecting 20 samples in estimated 5.0001 s (3.8M iterations)
Benchmarking open_type_bfs/query_surface=bfs/label_count=65536/selectivity=no_filter/degree=8/depth=4/csr_directi...: Analyzing
open_type_bfs/query_surface=bfs/label_count=65536/selectivity=no_filter/degree=8/depth=4/csr_directi...
                        time:   [1.3143 µs 1.3234 µs 1.3316 µs]
                        thrpt:  [24.032 Melem/s 24.181 Melem/s 24.348 Melem/s]
